  Determining projects to restore...
  All projects are up-to-date for restore.
  System.AsyncPaged -> C:\Users\fewan\source\repos\Francescolis\Xpandables.Net\System.AsyncPaged\bin\x64\Debug\net10.0\System.AsyncPaged.dll
  System.Primitives -> C:\Users\fewan\source\repos\Francescolis\Xpandables.Net\System.Primitives\bin\x64\Debug\net10.0\System.Primitives.dll
  System.AsyncPaged.Json -> C:\Users\fewan\source\repos\Francescolis\Xpandables.Net\System.AsyncPaged.Json\bin\x64\Debug\net10.0\System.AsyncPaged.Json.dll
  System.AsyncPaged.Linq -> C:\Users\fewan\source\repos\Francescolis\Xpandables.Net\System.AsyncPaged.Linq\bin\x64\Debug\net10.0\System.AsyncPaged.Linq.dll
  System.Events -> C:\Users\fewan\source\repos\Francescolis\Xpandables.Net\System.Events\bin\x64\Debug\net10.0\System.Events.dll
  System.Rests -> C:\Users\fewan\source\repos\Francescolis\Xpandables.Net\System.Rests\bin\x64\Debug\net10.0\System.Rests.dll
  System.Events.Data -> C:\Users\fewan\source\repos\Francescolis\Xpandables.Net\System.Events.Data\bin\x64\Debug\net10.0\System.Events.Data.dll
  Xpandables.Net.UnitTests -> C:\Users\fewan\source\repos\Francescolis\Xpandables.Net\Xpandables.Net.UnitTests\bin\x64\Debug\net10.0\Xpandables.Net.UnitTests.dll
Test run for C:\Users\fewan\source\repos\Francescolis\Xpandables.Net\Xpandables.Net.UnitTests\bin\x64\Debug\net10.0\Xpandables.Net.UnitTests.dll (.NETCoreApp,Version=v10.0)
VSTest version 18.0.1 (x64)

Starting test execution, please wait...
A total of 1 test files matched the specified pattern.
dotnet : [xUnit.net 00:00:00.54]     Xpandables.Net.UnitTests.Systems.Events.Data.EventStoreSqlServerIntegrationTests.EventStore_WithLocalDb_AttachesAndRehydratesAggregates [FAIL]
At line:1 char:7
+ try { dotnet test --filter EventStoreSqlServerIntegrationTests *> tes ...
+       ~~~~~~~~~~~~~~~~~~~~~~~~~~~~~~~~~~~~~~~~~~~~~~~~~~~~~~~~~~~~~~~
    + CategoryInfo          : NotSpecified: ([xUnit.net 00:0...gregates [FAIL]:String) [], RemoteException
    + FullyQualifiedErrorId : NativeCommandError
 
  Failed Xpandables.Net.UnitTests.Systems.Events.Data.EventStoreSqlServerIntegrationTests.EventStore_WithLocalDb_AttachesAndRehydratesAggregates [357 ms]
  Error Message:
   System.InvalidOperationException : The 'JsonDocument' property 'EntityDomainEvent.EventData' could not be mapped because the database provider does not support this type. Consider converting the property value to a type supported by the database using a value converter. See https://aka.ms/efcore-docs-value-converters for more information. Alternately, exclude the property from the model using the '[NotMapped]' attribute or by using 'EntityTypeBuilder.Ignore' in 'OnModelCreating'.
  Stack Trace:
     at Microsoft.EntityFrameworkCore.Infrastructure.ModelValidator.ThrowPropertyNotMappedException(String propertyType, IConventionTypeBase structuralType, IConventionProperty unmappedProperty)
   at Microsoft.EntityFrameworkCore.Infrastructure.RelationalModelValidator.ThrowPropertyNotMappedException(String propertyType, IConventionTypeBase typeBase, IConventionProperty unmappedProperty)
   at Microsoft.EntityFrameworkCore.Infrastructure.ModelValidator.ValidatePropertyMapping(IConventionTypeBase structuralType, IConventionModel model, IDiagnosticsLogger`1 logger)
   at Microsoft.EntityFrameworkCore.Infrastructure.ModelValidator.ValidatePropertyMapping(IModel model, IDiagnosticsLogger`1 logger)
   at Microsoft.EntityFrameworkCore.Infrastructure.ModelValidator.Validate(IModel model, IDiagnosticsLogger`1 logger)
   at Microsoft.EntityFrameworkCore.Infrastructure.RelationalModelValidator.Validate(IModel model, IDiagnosticsLogger`1 logger)
   at Microsoft.EntityFrameworkCore.SqlServer.Infrastructure.Internal.SqlServerModelValidator.Validate(IModel model, IDiagnosticsLogger`1 logger)
   at Microsoft.EntityFrameworkCore.Infrastructure.ModelRuntimeInitializer.Initialize(IModel model, Boolean designTime, IDiagnosticsLogger`1 validationLogger)
   at Microsoft.EntityFrameworkCore.Infrastructure.ModelSource.CreateModel(DbContext context, ModelCreationDependencies modelCreationDependencies, Boolean designTime)
   at Microsoft.EntityFrameworkCore.Infrastructure.ModelSource.GetModel(DbContext context, ModelCreationDependencies modelCreationDependencies, Boolean designTime)
   at Microsoft.EntityFrameworkCore.Internal.DbContextServices.CreateModel(Boolean designTime)
   at Microsoft.EntityFrameworkCore.Internal.DbContextServices.get_Model()
   at Microsoft.EntityFrameworkCore.Infrastructure.EntityFrameworkServicesBuilder.<>c.<TryAddCoreServices>b__8_4(IServiceProvider p)
   at Microsoft.Extensions.DependencyInjection.ServiceLookup.CallSiteRuntimeResolver.VisitCache(ServiceCallSite callSite, RuntimeResolverContext context, ServiceProviderEngineScope serviceProviderEngine, RuntimeResolverLock lockType)
   at Microsoft.Extensions.DependencyInjection.ServiceLookup.CallSiteRuntimeResolver.VisitScopeCache(ServiceCallSite callSite, RuntimeResolverContext context)
   at Microsoft.Extensions.DependencyInjection.ServiceLookup.CallSiteRuntimeResolver.VisitConstructor(ConstructorCallSite constructorCallSite, RuntimeResolverContext context)
   at Microsoft.Extensions.DependencyInjection.ServiceLookup.CallSiteRuntimeResolver.VisitCache(ServiceCallSite callSite, RuntimeResolverContext context, ServiceProviderEngineScope serviceProviderEngine, RuntimeResolverLock lockType)
   at Microsoft.Extensions.DependencyInjection.ServiceLookup.CallSiteRuntimeResolver.VisitScopeCache(ServiceCallSite callSite, RuntimeResolverContext context)
   at Microsoft.Extensions.DependencyInjection.ServiceLookup.CallSiteRuntimeResolver.VisitConstructor(ConstructorCallSite constructorCallSite, RuntimeResolverContext context)
   at Microsoft.Extensions.DependencyInjection.ServiceLookup.CallSiteRuntimeResolver.VisitCache(ServiceCallSite callSite, RuntimeResolverContext context, ServiceProviderEngineScope serviceProviderEngine, RuntimeResolverLock lockType)
   at Microsoft.Extensions.DependencyInjection.ServiceLookup.CallSiteRuntimeResolver.VisitScopeCache(ServiceCallSite callSite, RuntimeResolverContext context)
   at Microsoft.Extensions.DependencyInjection.ServiceLookup.CallSiteRuntimeResolver.VisitConstructor(ConstructorCallSite constructorCallSite, RuntimeResolverContext context)
   at Microsoft.Extensions.DependencyInjection.ServiceLookup.CallSiteRuntimeResolver.VisitCache(ServiceCallSite callSite, RuntimeResolverContext context, ServiceProviderEngineScope serviceProviderEngine, RuntimeResolverLock lockType)
   at Microsoft.Extensions.DependencyInjection.ServiceLookup.CallSiteRuntimeResolver.VisitScopeCache(ServiceCallSite callSite, RuntimeResolverContext context)
   at Microsoft.Extensions.DependencyInjection.ServiceLookup.CallSiteRuntimeResolver.VisitConstructor(ConstructorCallSite constructorCallSite, RuntimeResolverContext context)
   at Microsoft.Extensions.DependencyInjection.ServiceLookup.CallSiteRuntimeResolver.VisitCache(ServiceCallSite callSite, RuntimeResolverContext context, ServiceProviderEngineScope serviceProviderEngine, RuntimeResolverLock lockType)
   at Microsoft.Extensions.DependencyInjection.ServiceLookup.CallSiteRuntimeResolver.VisitScopeCache(ServiceCallSite callSite, RuntimeResolverContext context)
   at Microsoft.Extensions.DependencyInjection.ServiceLookup.CallSiteRuntimeResolver.VisitConstructor(ConstructorCallSite constructorCallSite, RuntimeResolverContext context)
   at Microsoft.Extensions.DependencyInjection.ServiceLookup.CallSiteRuntimeResolver.VisitCache(ServiceCallSite callSite, RuntimeResolverContext context, ServiceProviderEngineScope serviceProviderEngine, RuntimeResolverLock lockType)
   at Microsoft.Extensions.DependencyInjection.ServiceLookup.CallSiteRuntimeResolver.VisitScopeCache(ServiceCallSite callSite, RuntimeResolverContext context)
   at Microsoft.Extensions.DependencyInjection.ServiceLookup.CallSiteRuntimeResolver.Resolve(ServiceCallSite callSite, ServiceProviderEngineScope scope)
   at Microsoft.Extensions.DependencyInjection.ServiceLookup.DynamicServiceProviderEngine.<>c__DisplayClass2_0.<RealizeService>b__0(ServiceProviderEngineScope scope)
   at Microsoft.Extensions.DependencyInjection.ServiceProvider.GetService(ServiceIdentifier serviceIdentifier, ServiceProviderEngineScope serviceProviderEngineScope)
   at Microsoft.Extensions.DependencyInjection.ServiceLookup.ServiceProviderEngineScope.GetService(Type serviceType)
   at Microsoft.Extensions.DependencyInjection.ServiceProviderServiceExtensions.GetRequiredService(IServiceProvider provider, Type serviceType)
   at Microsoft.Extensions.DependencyInjection.ServiceProviderServiceExtensions.GetRequiredService[T](IServiceProvider provider)
   at Microsoft.EntityFrameworkCore.DbContext.get_DbContextDependencies()
   at Microsoft.EntityFrameworkCore.DbContext.get_ContextServices()
   at Microsoft.EntityFrameworkCore.DbContext.get_InternalServiceProvider()
   at Microsoft.EntityFrameworkCore.DbContext.get_ChangeTracker()
   at System.Events.Data.EventDataContext..ctor(DbContextOptions options) in /_/System.Events.Data/EventDataContext.cs:line 63
   at System.Events.Data.EventStoreDataContext..ctor(DbContextOptions`1 options) in /_/System.Events.Data/EventStoreDataContext.cs:line 33
   at System.Reflection.MethodBaseInvoker.InterpretedInvoke_Constructor(Object obj, IntPtr* args)
   at System.Reflection.MethodBaseInvoker.InvokeDirectByRefWithFewArgs(Object obj, Span`1 copyOfArgs, BindingFlags invokeAttr)
   at System.Reflection.MethodBaseInvoker.InvokeWithOneArg(Object obj, BindingFlags invokeAttr, Binder binder, Object[] parameters, CultureInfo culture)
   at System.Reflection.RuntimeConstructorInfo.Invoke(BindingFlags invokeAttr, Binder binder, Object[] parameters, CultureInfo culture)
   at Microsoft.Extensions.DependencyInjection.ServiceLookup.CallSiteRuntimeResolver.VisitConstructor(ConstructorCallSite constructorCallSite, RuntimeResolverContext context)
   at Microsoft.Extensions.DependencyInjection.ServiceLookup.CallSiteRuntimeResolver.VisitCache(ServiceCallSite callSite, RuntimeResolverContext context, ServiceProviderEngineScope serviceProviderEngine, RuntimeResolverLock lockType)
   at Microsoft.Extensions.DependencyInjection.ServiceLookup.CallSiteRuntimeResolver.VisitScopeCache(ServiceCallSite callSite, RuntimeResolverContext context)
   at Microsoft.Extensions.DependencyInjection.ServiceLookup.CallSiteRuntimeResolver.Resolve(ServiceCallSite callSite, ServiceProviderEngineScope scope)
   at Microsoft.Extensions.DependencyInjection.ServiceLookup.DynamicServiceProviderEngine.<>c__DisplayClass2_0.<RealizeService>b__0(ServiceProviderEngineScope scope)
   at Microsoft.Extensions.DependencyInjection.ServiceProvider.GetService(ServiceIdentifier serviceIdentifier, ServiceProviderEngineScope serviceProviderEngineScope)
   at Microsoft.Extensions.DependencyInjection.ServiceLookup.ServiceProviderEngineScope.GetService(Type serviceType)
   at Microsoft.Extensions.DependencyInjection.ServiceProviderServiceExtensions.GetRequiredService(IServiceProvider provider, Type serviceType)
   at Microsoft.Extensions.DependencyInjection.ServiceProviderServiceExtensions.GetRequiredService[T](IServiceProvider provider)
   at Xpandables.Net.UnitTests.Systems.Events.Data.EventStoreSqlServerIntegrationTests.EventStore_WithLocalDb_AttachesAndRehydratesAggregates() in C:\Users\fewan\source\repos\Francescolis\Xpandables.Net\Xpandables.Net.UnitTests\Systems\Events\Data\EventStoreSqlServerIntegrationTests.cs:line 24
   at Xpandables.Net.UnitTests.Systems.Events.Data.EventStoreSqlServerIntegrationTests.EventStore_WithLocalDb_AttachesAndRehydratesAggregates() in C:\Users\fewan\source\repos\Francescolis\Xpandables.Net\Xpandables.Net.UnitTests\Systems\Events\Data\EventStoreSqlServerIntegrationTests.cs:line 67
   at Xpandables.Net.UnitTests.Systems.Events.Data.EventStoreSqlServerIntegrationTests.EventStore_WithLocalDb_AttachesAndRehydratesAggregates() in C:\Users\fewan\source\repos\Francescolis\Xpandables.Net\Xpandables.Net.UnitTests\Systems\Events\Data\EventStoreSqlServerIntegrationTests.cs:line 67
--- End of stack trace from previous location ---

Failed!  - Failed:     1, Passed:     0, Skipped:     0, Total:     1, Duration: 373 ms - Xpandables.Net.UnitTests.dll (net10.0)
